19:37:22 **** Clean-only build of configuration Release for project main_system ****
make clean 
rm -rf  ./src/main.o ./src/platform.o  ./src/main.d ./src/platform.d  main_system.elf.size  main_system.elf
' '

19:37:22 Build Finished (took 260ms)

19:37:22 **** Incremental Build of configuration Release for project main_system ****
make pre-build main-build 
a9-linaro-pre-build-step
' '
'Building file: ../src/main.c'
'Invoking: ARM v7 gcc compiler'
arm-none-eabi-gcc -Wall -O2 -c -fmessage-length=0 -MT"src/main.o" -mcpu=cortex-a9 -mfpu=vfpv3 -mfloat-abi=hard -I../../main_system_bsp/ps7_cortexa9_0/include -MMD -MP -MF"src/main.d" -MT"src/main.o" -o "src/main.o" "../src/main.c"
'Finished building: ../src/main.c'
' '
'Building file: ../src/platform.c'
'Invoking: ARM v7 gcc compiler'
arm-none-eabi-gcc -Wall -O2 -c -fmessage-length=0 -MT"src/platform.o" -mcpu=cortex-a9 -mfpu=vfpv3 -mfloat-abi=hard -I../../main_system_bsp/ps7_cortexa9_0/include -MMD -MP -MF"src/platform.d" -MT"src/platform.o" -o "src/platform.o" "../src/platform.c"
'Finished building: ../src/platform.c'
' '
'Building target: main_system.elf'
'Invoking: ARM v7 gcc linker'
arm-none-eabi-gcc -mcpu=cortex-a9 -mfpu=vfpv3 -mfloat-abi=hard -Wl,-build-id=none -specs=Xilinx.spec -Wl,-T -Wl,../src/lscript.ld -L../../main_system_bsp/ps7_cortexa9_0/lib -o "main_system.elf"  ./src/main.o ./src/platform.o   -Wl,--start-group,-lxil,-lgcc,-lc,--end-group
'Finished building target: main_system.elf'
' '
'Invoking: ARM v7 Print Size'
arm-none-eabi-size main_system.elf  |tee "main_system.elf.size"
   text	   data	    bss	    dec	    hex	filename
  38712	   4736	  30312	  73760	  12020	main_system.elf
'Finished building: main_system.elf.size'
' '
19:37:24 **** Incremental Build of configuration Debug for project main_system ****
make pre-build main-build 
a9-linaro-pre-build-step
' '
make: Nothing to be done for 'main-build'.
19:37:53 **** Clean-only build of configuration Debug for project main_system ****
make clean 
rm -rf  ./src/main.o ./src/platform.o  ./src/main.d ./src/platform.d  main_system.elf.size  main_system.elf
' '
19:37:53 **** Auto Build of configuration Debug for project main_system ****
make pre-build main-build 
a9-linaro-pre-build-step
' '
'Building file: ../src/main_system.c'
'Invoking: ARM v7 gcc compiler'
arm-none-eabi-gcc -Wall -O0 -g3 -c -fmessage-length=0 -MT"src/main_system.o" -mcpu=cortex-a9 -mfpu=vfpv3 -mfloat-abi=hard -I../../main_system_bsp/ps7_cortexa9_0/include -MMD -MP -MF"src/main_system.d" -MT"src/main_system.o" -o "src/main_system.o" "../src/main_system.c"
'Finished building: ../src/main_system.c'
' '
'Building file: ../src/platform.c'
'Invoking: ARM v7 gcc compiler'
arm-none-eabi-gcc -Wall -O0 -g3 -c -fmessage-length=0 -MT"src/platform.o" -mcpu=cortex-a9 -mfpu=vfpv3 -mfloat-abi=hard -I../../main_system_bsp/ps7_cortexa9_0/include -MMD -MP -MF"src/platform.d" -MT"src/platform.o" -o "src/platform.o" "../src/platform.c"
'Finished building: ../src/platform.c'
' '
'Building target: main_system.elf'
'Invoking: ARM v7 gcc linker'
arm-none-eabi-gcc -mcpu=cortex-a9 -mfpu=vfpv3 -mfloat-abi=hard -Wl,-build-id=none -specs=Xilinx.spec -Wl,-T -Wl,../src/lscript.ld -L../../main_system_bsp/ps7_cortexa9_0/lib -o "main_system.elf"  ./src/main_system.o ./src/platform.o   -Wl,--start-group,-lxil,-lgcc,-lc,--end-group
'Finished building target: main_system.elf'
' '
'Invoking: ARM v7 Print Size'
arm-none-eabi-size main_system.elf  |tee "main_system.elf.size"
   text	   data	    bss	    dec	    hex	filename
  39492	   4736	  30312	  74540	  1232c	main_system.elf
'Finished building: main_system.elf.size'
' '
19:38:00 **** Incremental Build of configuration Debug for project main_system ****
make pre-build main-build 
a9-linaro-pre-build-step
' '
make: Nothing to be done for 'main-build'.
19:43:15 **** Incremental Build of configuration Debug for project main_system ****
make pre-build main-build 
a9-linaro-pre-build-step
' '
make: Nothing to be done for 'main-build'.
19:43:45 **** Incremental Build of configuration Debug for project main_system ****
make pre-build main-build 
a9-linaro-pre-build-step
' '
make: Nothing to be done for 'main-build'.
19:45:22 **** Incremental Build of configuration Debug for project main_system ****
make pre-build main-build 
a9-linaro-pre-build-step
' '
make: Nothing to be done for 'main-build'.
19:46:49 **** Incremental Build of configuration Debug for project main_system ****
make pre-build main-build 
a9-linaro-pre-build-step
' '
make: Nothing to be done for 'main-build'.
20:56:08 **** Incremental Build of configuration Debug for project main_system ****
make pre-build main-build 
a9-linaro-pre-build-step
' '
make: Nothing to be done for 'main-build'.
20:58:07 **** Incremental Build of configuration Debug for project main_system ****
make pre-build main-build 
a9-linaro-pre-build-step
' '
make: Nothing to be done for 'main-build'.
20:59:32 **** Incremental Build of configuration Debug for project main_system ****
make pre-build main-build 
a9-linaro-pre-build-step
' '
make: Nothing to be done for 'main-build'.
21:01:24 **** Incremental Build of configuration Debug for project main_system ****
make pre-build main-build 
a9-linaro-pre-build-step
' '
make: Nothing to be done for 'main-build'.
21:02:00 **** Auto Build of configuration Debug for project main_system ****
make pre-build main-build 
a9-linaro-pre-build-step
' '
'Building file: ../src/main_system.c'
'Invoking: ARM v7 gcc compiler'
arm-none-eabi-gcc -Wall -O0 -g3 -c -fmessage-length=0 -MT"src/main_system.o" -mcpu=cortex-a9 -mfpu=vfpv3 -mfloat-abi=hard -I../../main_system_bsp/ps7_cortexa9_0/include -MMD -MP -MF"src/main_system.d" -MT"src/main_system.o" -o "src/main_system.o" "../src/main_system.c"
'Finished building: ../src/main_system.c'
' '
'Building target: main_system.elf'
'Invoking: ARM v7 gcc linker'
arm-none-eabi-gcc -mcpu=cortex-a9 -mfpu=vfpv3 -mfloat-abi=hard -Wl,-build-id=none -specs=Xilinx.spec -Wl,-T -Wl,../src/lscript.ld -L../../main_system_bsp/ps7_cortexa9_0/lib -o "main_system.elf"  ./src/main_system.o ./src/platform.o   -Wl,--start-group,-lxil,-lgcc,-lc,--end-group
'Finished building target: main_system.elf'
' '
'Invoking: ARM v7 Print Size'
arm-none-eabi-size main_system.elf  |tee "main_system.elf.size"
   text	   data	    bss	    dec	    hex	filename
  39492	   4736	  30312	  74540	  1232c	main_system.elf
'Finished building: main_system.elf.size'
' '
21:03:43 **** Auto Build of configuration Debug for project main_system ****
make pre-build main-build 
a9-linaro-pre-build-step
' '
'Building file: ../src/main_system.c'
'Invoking: ARM v7 gcc compiler'
arm-none-eabi-gcc -Wall -O0 -g3 -c -fmessage-length=0 -MT"src/main_system.o" -mcpu=cortex-a9 -mfpu=vfpv3 -mfloat-abi=hard -I../../main_system_bsp/ps7_cortexa9_0/include -MMD -MP -MF"src/main_system.d" -MT"src/main_system.o" -o "src/main_system.o" "../src/main_system.c"
'Finished building: ../src/main_system.c'
' '
'Building target: main_system.elf'
'Invoking: ARM v7 gcc linker'
arm-none-eabi-gcc -mcpu=cortex-a9 -mfpu=vfpv3 -mfloat-abi=hard -Wl,-build-id=none -specs=Xilinx.spec -Wl,-T -Wl,../src/lscript.ld -L../../main_system_bsp/ps7_cortexa9_0/lib -o "main_system.elf"  ./src/main_system.o ./src/platform.o   -Wl,--start-group,-lxil,-lgcc,-lc,--end-group
'Finished building target: main_system.elf'
' '
'Invoking: ARM v7 Print Size'
arm-none-eabi-size main_system.elf  |tee "main_system.elf.size"
   text	   data	    bss	    dec	    hex	filename
  39492	   4736	  30312	  74540	  1232c	main_system.elf
'Finished building: main_system.elf.size'
' '
21:04:00 **** Incremental Build of configuration Debug for project main_system ****
make pre-build main-build 
a9-linaro-pre-build-step
' '
make: Nothing to be done for 'main-build'.
21:04:44 **** Incremental Build of configuration Debug for project main_system ****
make pre-build main-build 
a9-linaro-pre-build-step
' '
make: Nothing to be done for 'main-build'.
21:10:43 **** Auto Build of configuration Debug for project main_system ****
make pre-build main-build 
a9-linaro-pre-build-step
' '
'Building file: ../src/main_system.c'
'Invoking: ARM v7 gcc compiler'
arm-none-eabi-gcc -Wall -O0 -g3 -c -fmessage-length=0 -MT"src/main_system.o" -mcpu=cortex-a9 -mfpu=vfpv3 -mfloat-abi=hard -I../../main_system_bsp/ps7_cortexa9_0/include -MMD -MP -MF"src/main_system.d" -MT"src/main_system.o" -o "src/main_system.o" "../src/main_system.c"
../src/main_system.c: In function 'main':
../src/main_system.c:184:3: error: aggregate value used where an integer was expected
   Xil_DCacheFlushRange((u32)DMA_load_Kernel_Scale,(15)*sizeof(u32));
   ^~~~~~~~~~~~~~~~~~~~
make: *** [src/subdir.mk:26: src/main_system.o] Error 1
21:11:31 **** Auto Build of configuration Debug for project main_system ****
make pre-build main-build 
a9-linaro-pre-build-step
' '
'Building file: ../src/main_system.c'
'Invoking: ARM v7 gcc compiler'
arm-none-eabi-gcc -Wall -O0 -g3 -c -fmessage-length=0 -MT"src/main_system.o" -mcpu=cortex-a9 -mfpu=vfpv3 -mfloat-abi=hard -I../../main_system_bsp/ps7_cortexa9_0/include -MMD -MP -MF"src/main_system.d" -MT"src/main_system.o" -o "src/main_system.o" "../src/main_system.c"
'Finished building: ../src/main_system.c'
' '
'Building target: main_system.elf'
'Invoking: ARM v7 gcc linker'
arm-none-eabi-gcc -mcpu=cortex-a9 -mfpu=vfpv3 -mfloat-abi=hard -Wl,-build-id=none -specs=Xilinx.spec -Wl,-T -Wl,../src/lscript.ld -L../../main_system_bsp/ps7_cortexa9_0/lib -o "main_system.elf"  ./src/main_system.o ./src/platform.o   -Wl,--start-group,-lxil,-lgcc,-lc,--end-group
'Finished building target: main_system.elf'
' '
'Invoking: ARM v7 Print Size'
arm-none-eabi-size main_system.elf  |tee "main_system.elf.size"
   text	   data	    bss	    dec	    hex	filename
  39556	   4736	  30312	  74604	  1236c	main_system.elf
'Finished building: main_system.elf.size'
' '
21:18:14 **** Auto Build of configuration Debug for project main_system ****
make pre-build main-build 
a9-linaro-pre-build-step
' '
'Building file: ../src/main_system.c'
'Invoking: ARM v7 gcc compiler'
arm-none-eabi-gcc -Wall -O0 -g3 -c -fmessage-length=0 -MT"src/main_system.o" -mcpu=cortex-a9 -mfpu=vfpv3 -mfloat-abi=hard -I../../main_system_bsp/ps7_cortexa9_0/include -MMD -MP -MF"src/main_system.d" -MT"src/main_system.o" -o "src/main_system.o" "../src/main_system.c"
'Finished building: ../src/main_system.c'
' '
'Building target: main_system.elf'
'Invoking: ARM v7 gcc linker'
arm-none-eabi-gcc -mcpu=cortex-a9 -mfpu=vfpv3 -mfloat-abi=hard -Wl,-build-id=none -specs=Xilinx.spec -Wl,-T -Wl,../src/lscript.ld -L../../main_system_bsp/ps7_cortexa9_0/lib -o "main_system.elf"  ./src/main_system.o ./src/platform.o   -Wl,--start-group,-lxil,-lgcc,-lc,--end-group
'Finished building target: main_system.elf'
' '
'Invoking: ARM v7 Print Size'
arm-none-eabi-size main_system.elf  |tee "main_system.elf.size"
   text	   data	    bss	    dec	    hex	filename
  39620	   4736	  30312	  74668	  123ac	main_system.elf
'Finished building: main_system.elf.size'
' '
