16:51:23 **** Auto Build of configuration Debug for project main_system ****
make pre-build main-build 
a9-linaro-pre-build-step
' '
'Building file: ../src/main_system.c'
'Invoking: ARM v7 gcc compiler'
arm-none-eabi-gcc -Wall -O0 -g3 -c -fmessage-length=0 -MT"src/main_system.o" -mcpu=cortex-a9 -mfpu=vfpv3 -mfloat-abi=hard -I../../main_system_bsp/ps7_cortexa9_0/include -MMD -MP -MF"src/main_system.d" -MT"src/main_system.o" -o "src/main_system.o" "../src/main_system.c"
'Finished building: ../src/main_system.c'
' '
'Building target: main_system.elf'
'Invoking: ARM v7 gcc linker'
arm-none-eabi-gcc -mcpu=cortex-a9 -mfpu=vfpv3 -mfloat-abi=hard -Wl,-build-id=none -specs=Xilinx.spec -Wl,-T -Wl,../src/lscript.ld -L../../main_system_bsp/ps7_cortexa9_0/lib -o "main_system.elf"  ./src/main_system.o ./src/platform.o   -Wl,--start-group,-lxil,-lgcc,-lc,--end-group
'Finished building target: main_system.elf'
' '
'Invoking: ARM v7 Print Size'
arm-none-eabi-size main_system.elf  |tee "main_system.elf.size"
   text	   data	    bss	    dec	    hex	filename
  45556	   4832	  30744	  81132	  13cec	main_system.elf
'Finished building: main_system.elf.size'
' '

16:51:24 Build Finished (took 1s.71ms)

