16:06:15 **** Auto Build of configuration Debug for project svm_classifier_main ****
make pre-build main-build 
a9-linaro-pre-build-step
' '
'Building file: ../src/main.c'
'Invoking: ARM v7 gcc compiler'
arm-none-eabi-gcc -Wall -O0 -g3 -c -fmessage-length=0 -MT"src/main.o" -mcpu=cortex-a9 -mfpu=vfpv3 -mfloat-abi=hard -I../../svm_classifier_main_bsp/ps7_cortexa9_0/include -MMD -MP -MF"src/main.d" -MT"src/main.o" -o "src/main.o" "../src/main.c"
'Finished building: ../src/main.c'
' '
'Building target: svm_classifier_main.elf'
'Invoking: ARM v7 gcc linker'
arm-none-eabi-gcc -mcpu=cortex-a9 -mfpu=vfpv3 -mfloat-abi=hard -Wl,-build-id=none -specs=Xilinx.spec -Wl,-T -Wl,../src/lscript.ld -L../../svm_classifier_main_bsp/ps7_cortexa9_0/lib -o "svm_classifier_main.elf"  ./src/main.o ./src/platform.o   -Wl,--start-group,-lxil,-lgcc,-lc,--end-group
'Finished building target: svm_classifier_main.elf'
' '
'Invoking: ARM v7 Print Size'
arm-none-eabi-size svm_classifier_main.elf  |tee "svm_classifier_main.elf.size"
   text	   data	    bss	    dec	    hex	filename
 114192	   6328	  25600	 146120	  23ac8	svm_classifier_main.elf
'Finished building: svm_classifier_main.elf.size'
' '

16:06:19 Build Finished (took 3s.441ms)

