14:15:47 **** Build of configuration Debug for project svm_classifier_main_bsp_xaxidma_example_simple_poll_1 ****
make pre-build main-build 
a9-linaro-pre-build-step
' '
'Building file: ../src/xaxidma_example_simple_poll.c'
'Invoking: ARM v7 gcc compiler'
arm-none-eabi-gcc -Wall -O0 -g3 -c -fmessage-length=0 -MT"src/xaxidma_example_simple_poll.o" -mcpu=cortex-a9 -mfpu=vfpv3 -mfloat-abi=hard -I../../svm_classifier_main_bsp/ps7_cortexa9_0/include -MMD -MP -MF"src/xaxidma_example_simple_poll.d" -MT"src/xaxidma_example_simple_poll.o" -o "src/xaxidma_example_simple_poll.o" "../src/xaxidma_example_simple_poll.c"
../src/xaxidma_example_simple_poll.c:106:2: warning: #warning CHECK FOR THE VALID DDR ADDRESS IN XPARAMETERS.H, DEFAULT SET TO 0x01000000 [-Wcpp]
 #warning CHECK FOR THE VALID DDR ADDRESS IN XPARAMETERS.H, \
  ^~~~~~~
'Finished building: ../src/xaxidma_example_simple_poll.c'
' '
'Building target: svm_classifier_main_bsp_xaxidma_example_simple_poll_1.elf'
'Invoking: ARM v7 gcc linker'
arm-none-eabi-gcc -mcpu=cortex-a9 -mfpu=vfpv3 -mfloat-abi=hard -Wl,-build-id=none -specs=Xilinx.spec -Wl,-T -Wl,../src/lscript.ld -L../../svm_classifier_main_bsp/ps7_cortexa9_0/lib -o "svm_classifier_main_bsp_xaxidma_example_simple_poll_1.elf"  ./src/xaxidma_example_simple_poll.o   -Wl,--start-group,-lxil,-lgcc,-lc,--end-group
'Finished building target: svm_classifier_main_bsp_xaxidma_example_simple_poll_1.elf'
' '
'Invoking: ARM v7 Print Size'
arm-none-eabi-size svm_classifier_main_bsp_xaxidma_example_simple_poll_1.elf  |tee "svm_classifier_main_bsp_xaxidma_example_simple_poll_1.elf.size"
   text	   data	    bss	    dec	    hex	filename
  35468	   2256	  24504	  62228	   f314	svm_classifier_main_bsp_xaxidma_example_simple_poll_1.elf
'Finished building: svm_classifier_main_bsp_xaxidma_example_simple_poll_1.elf.size'
' '

14:15:49 Build Finished (took 1s.586ms)

