18:24:38 **** Build of configuration Debug for project svm_classifier_main_bsp_xbram_example_2 ****
make pre-build main-build 
a9-linaro-pre-build-step
' '
'Building file: ../src/xbram_example.c'
'Invoking: ARM v7 gcc compiler'
arm-none-eabi-gcc -Wall -O0 -g3 -c -fmessage-length=0 -MT"src/xbram_example.o" -mcpu=cortex-a9 -mfpu=vfpv3 -mfloat-abi=hard -I../../svm_classifier_main_bsp/ps7_cortexa9_0/include -MMD -MP -MF"src/xbram_example.d" -MT"src/xbram_example.o" -o "src/xbram_example.o" "../src/xbram_example.c"
'Finished building: ../src/xbram_example.c'
' '
'Building target: svm_classifier_main_bsp_xbram_example_2.elf'
'Invoking: ARM v7 gcc linker'
arm-none-eabi-gcc -mcpu=cortex-a9 -mfpu=vfpv3 -mfloat-abi=hard -Wl,-build-id=none -specs=Xilinx.spec -Wl,-T -Wl,../src/lscript.ld -L../../svm_classifier_main_bsp/ps7_cortexa9_0/lib -o "svm_classifier_main_bsp_xbram_example_2.elf"  ./src/xbram_example.o   -Wl,--start-group,-lxil,-lgcc,-lc,--end-group
'Finished building target: svm_classifier_main_bsp_xbram_example_2.elf'
' '
'Invoking: ARM v7 Print Size'
arm-none-eabi-size svm_classifier_main_bsp_xbram_example_2.elf  |tee "svm_classifier_main_bsp_xbram_example_2.elf.size"
   text	   data	    bss	    dec	    hex	filename
  28844	   1352	  22664	  52860	   ce7c	svm_classifier_main_bsp_xbram_example_2.elf
'Finished building: svm_classifier_main_bsp_xbram_example_2.elf.size'
' '

18:24:40 Build Finished (took 1s.977ms)

