20:35:29 **** Auto Build of configuration Debug for project main ****
make pre-build main-build 
a9-linaro-pre-build-step
' '
'Building file: ../src/main.c'
'Invoking: ARM v7 gcc compiler'
arm-none-eabi-gcc -Wall -O0 -g3 -c -fmessage-length=0 -MT"src/main.o" -mcpu=cortex-a9 -mfpu=vfpv3 -mfloat-abi=hard -I../../main_bsp/ps7_cortexa9_0/include -MMD -MP -MF"src/main.d" -MT"src/main.o" -o "src/main.o" "../src/main.c"
'Finished building: ../src/main.c'
' '
'Building target: main.elf'
'Invoking: ARM v7 gcc linker'
arm-none-eabi-gcc -mcpu=cortex-a9 -mfpu=vfpv3 -mfloat-abi=hard -Wl,-build-id=none -specs=Xilinx.spec -Wl,-T -Wl,../src/lscript.ld -L../../main_bsp/ps7_cortexa9_0/lib -o "main.elf"  ./src/main.o ./src/platform.o   -Wl,--start-group,-lxil,-lgcc,-lc,--end-group
'Finished building target: main.elf'
' '
'Invoking: ARM v7 Print Size'
arm-none-eabi-size main.elf  |tee "main.elf.size"
   text	   data	    bss	    dec	    hex	filename
  39528	   4736	  15976	  60240	   eb50	main.elf
'Finished building: main.elf.size'
' '

20:35:30 Build Finished (took 1s.217ms)

