Copyright 1986-2018 Xilinx, Inc. All Rights Reserved.
------------------------------------------------------------------------------------------------------------------------------------------------------------
| Tool Version : Vivado v.2018.3 (win64) Build 2405991 Thu Dec  6 23:38:27 MST 2018
| Date         : Wed Mar 22 17:20:16 2023
| Host         : peppe-pc running 64-bit major release  (build 9200)
| Command      : report_drc -file PL_CLASSIFIER_w_VOTING_drc_routed.rpt -pb PL_CLASSIFIER_w_VOTING_drc_routed.pb -rpx PL_CLASSIFIER_w_VOTING_drc_routed.rpx
| Design       : PL_CLASSIFIER_w_VOTING
| Device       : xc7z020clg400-1
| Speed File   : -1
| Design State : Fully Routed
------------------------------------------------------------------------------------------------------------------------------------------------------------

Report DRC

Table of Contents
-----------------
1. REPORT SUMMARY
2. REPORT DETAILS

1. REPORT SUMMARY
-----------------
            Netlist: netlist
          Floorplan: design_1
      Design limits: <entire design considered>
           Ruledeck: default
             Max violations: <unlimited>
             Violations found: 39
+----------+----------+-------------------------------------------------------------------+------------+
| Rule     | Severity | Description                                                       | Violations |
+----------+----------+-------------------------------------------------------------------+------------+
| PDRC-153 | Warning  | Gated clock check                                                 | 3          |
| ZPS7-1   | Warning  | PS7 block required                                                | 1          |
| AVAL-4   | Advisory | enum_USE_DPORT_FALSE_enum_DREG_ADREG_0_connects_CED_CEAD_RSTD_GND | 35         |
+----------+----------+-------------------------------------------------------------------+------------+

2. REPORT DETAILS
-----------------
PDRC-153#1 Warning
Gated clock check  
Net PM_FSM/pm_FSM_Kernel_Bias/en_RAM_Bias is a gated clock net sourced by a combinational pin PM_FSM/pm_FSM_Kernel_Bias/en_RAM_Bias_INST_0/O, cell PM_FSM/pm_FSM_Kernel_Bias/en_RAM_Bias_INST_0. This is not good design practice and will likely impact performance. For SLICE registers, for example, use the CE pin to control the loading of data.
Related violations: <none>

PDRC-153#2 Warning
Gated clock check  
Net PM_FSM/pm_FSM_Kernel_Bias/en_RAM_RAM_Kernel_Scale is a gated clock net sourced by a combinational pin PM_FSM/pm_FSM_Kernel_Bias/en_RAM_RAM_Kernel_Scale_INST_0/O, cell PM_FSM/pm_FSM_Kernel_Bias/en_RAM_RAM_Kernel_Scale_INST_0. This is not good design practice and will likely impact performance. For SLICE registers, for example, use the CE pin to control the loading of data.
Related violations: <none>

PDRC-153#3 Warning
Gated clock check  
Net PM_FSM/pm_FSM_SIPO_PCV/start_fsm2 is a gated clock net sourced by a combinational pin PM_FSM/pm_FSM_SIPO_PCV/start_fsm2_INST_0/O, cell PM_FSM/pm_FSM_SIPO_PCV/start_fsm2_INST_0. This is not good design practice and will likely impact performance. For SLICE registers, for example, use the CE pin to control the loading of data.
Related violations: <none>

ZPS7-1#1 Warning
PS7 block required  
The PS7 cell must be used in this Zynq design in order to enable correct default configuration.
Related violations: <none>

AVAL-4#1 Advisory
enum_USE_DPORT_FALSE_enum_DREG_ADREG_0_connects_CED_CEAD_RSTD_GND  
PM_Classifier/inst_SVM/inst_DSP_AxB_Cascade[10].DSP_AxB_Cascade_pm/DSP48E1_inst: DSP48E1 is not using the D port (USE_DPORT = FALSE). For improved power characteristics, set DREG and ADREG to '1', tie CED, CEAD, and RSTD to logic '0'.
Related violations: <none>

AVAL-4#2 Advisory
enum_USE_DPORT_FALSE_enum_DREG_ADREG_0_connects_CED_CEAD_RSTD_GND  
PM_Classifier/inst_SVM/inst_DSP_AxB_Cascade[11].DSP_AxB_Cascade_pm/DSP48E1_inst: DSP48E1 is not using the D port (USE_DPORT = FALSE). For improved power characteristics, set DREG and ADREG to '1', tie CED, CEAD, and RSTD to logic '0'.
Related violations: <none>

AVAL-4#3 Advisory
enum_USE_DPORT_FALSE_enum_DREG_ADREG_0_connects_CED_CEAD_RSTD_GND  
PM_Classifier/inst_SVM/inst_DSP_AxB_Cascade[12].DSP_AxB_Cascade_pm/DSP48E1_inst: DSP48E1 is not using the D port (USE_DPORT = FALSE). For improved power characteristics, set DREG and ADREG to '1', tie CED, CEAD, and RSTD to logic '0'.
Related violations: <none>

AVAL-4#4 Advisory
enum_USE_DPORT_FALSE_enum_DREG_ADREG_0_connects_CED_CEAD_RSTD_GND  
PM_Classifier/inst_SVM/inst_DSP_AxB_Cascade[13].DSP_AxB_Cascade_pm/DSP48E1_inst: DSP48E1 is not using the D port (USE_DPORT = FALSE). For improved power characteristics, set DREG and ADREG to '1', tie CED, CEAD, and RSTD to logic '0'.
Related violations: <none>

AVAL-4#5 Advisory
enum_USE_DPORT_FALSE_enum_DREG_ADREG_0_connects_CED_CEAD_RSTD_GND  
PM_Classifier/inst_SVM/inst_DSP_AxB_Cascade[14].DSP_AxB_Cascade_pm/DSP48E1_inst: DSP48E1 is not using the D port (USE_DPORT = FALSE). For improved power characteristics, set DREG and ADREG to '1', tie CED, CEAD, and RSTD to logic '0'.
Related violations: <none>

AVAL-4#6 Advisory
enum_USE_DPORT_FALSE_enum_DREG_ADREG_0_connects_CED_CEAD_RSTD_GND  
PM_Classifier/inst_SVM/inst_DSP_AxB_Cascade[15].DSP_AxB_Cascade_pm/DSP48E1_inst: DSP48E1 is not using the D port (USE_DPORT = FALSE). For improved power characteristics, set DREG and ADREG to '1', tie CED, CEAD, and RSTD to logic '0'.
Related violations: <none>

AVAL-4#7 Advisory
enum_USE_DPORT_FALSE_enum_DREG_ADREG_0_connects_CED_CEAD_RSTD_GND  
PM_Classifier/inst_SVM/inst_DSP_AxB_Cascade[16].DSP_AxB_Cascade_pm/DSP48E1_inst: DSP48E1 is not using the D port (USE_DPORT = FALSE). For improved power characteristics, set DREG and ADREG to '1', tie CED, CEAD, and RSTD to logic '0'.
Related violations: <none>

AVAL-4#8 Advisory
enum_USE_DPORT_FALSE_enum_DREG_ADREG_0_connects_CED_CEAD_RSTD_GND  
PM_Classifier/inst_SVM/inst_DSP_AxB_Cascade[17].DSP_AxB_Cascade_pm/DSP48E1_inst: DSP48E1 is not using the D port (USE_DPORT = FALSE). For improved power characteristics, set DREG and ADREG to '1', tie CED, CEAD, and RSTD to logic '0'.
Related violations: <none>

AVAL-4#9 Advisory
enum_USE_DPORT_FALSE_enum_DREG_ADREG_0_connects_CED_CEAD_RSTD_GND  
PM_Classifier/inst_SVM/inst_DSP_AxB_Cascade[18].DSP_AxB_Cascade_pm/DSP48E1_inst: DSP48E1 is not using the D port (USE_DPORT = FALSE). For improved power characteristics, set DREG and ADREG to '1', tie CED, CEAD, and RSTD to logic '0'.
Related violations: <none>

AVAL-4#10 Advisory
enum_USE_DPORT_FALSE_enum_DREG_ADREG_0_connects_CED_CEAD_RSTD_GND  
PM_Classifier/inst_SVM/inst_DSP_AxB_Cascade[19].DSP_AxB_Cascade_pm/DSP48E1_inst: DSP48E1 is not using the D port (USE_DPORT = FALSE). For improved power characteristics, set DREG and ADREG to '1', tie CED, CEAD, and RSTD to logic '0'.
Related violations: <none>

AVAL-4#11 Advisory
enum_USE_DPORT_FALSE_enum_DREG_ADREG_0_connects_CED_CEAD_RSTD_GND  
PM_Classifier/inst_SVM/inst_DSP_AxB_Cascade[1].DSP_AxB_Cascade_pm/DSP48E1_inst: DSP48E1 is not using the D port (USE_DPORT = FALSE). For improved power characteristics, set DREG and ADREG to '1', tie CED, CEAD, and RSTD to logic '0'.
Related violations: <none>

AVAL-4#12 Advisory
enum_USE_DPORT_FALSE_enum_DREG_ADREG_0_connects_CED_CEAD_RSTD_GND  
PM_Classifier/inst_SVM/inst_DSP_AxB_Cascade[20].DSP_AxB_Cascade_pm/DSP48E1_inst: DSP48E1 is not using the D port (USE_DPORT = FALSE). For improved power characteristics, set DREG and ADREG to '1', tie CED, CEAD, and RSTD to logic '0'.
Related violations: <none>

AVAL-4#13 Advisory
enum_USE_DPORT_FALSE_enum_DREG_ADREG_0_connects_CED_CEAD_RSTD_GND  
PM_Classifier/inst_SVM/inst_DSP_AxB_Cascade[21].DSP_AxB_Cascade_pm/DSP48E1_inst: DSP48E1 is not using the D port (USE_DPORT = FALSE). For improved power characteristics, set DREG and ADREG to '1', tie CED, CEAD, and RSTD to logic '0'.
Related violations: <none>

AVAL-4#14 Advisory
enum_USE_DPORT_FALSE_enum_DREG_ADREG_0_connects_CED_CEAD_RSTD_GND  
PM_Classifier/inst_SVM/inst_DSP_AxB_Cascade[22].DSP_AxB_Cascade_pm/DSP48E1_inst: DSP48E1 is not using the D port (USE_DPORT = FALSE). For improved power characteristics, set DREG and ADREG to '1', tie CED, CEAD, and RSTD to logic '0'.
Related violations: <none>

AVAL-4#15 Advisory
enum_USE_DPORT_FALSE_enum_DREG_ADREG_0_connects_CED_CEAD_RSTD_GND  
PM_Classifier/inst_SVM/inst_DSP_AxB_Cascade[23].DSP_AxB_Cascade_pm/DSP48E1_inst: DSP48E1 is not using the D port (USE_DPORT = FALSE). For improved power characteristics, set DREG and ADREG to '1', tie CED, CEAD, and RSTD to logic '0'.
Related violations: <none>

AVAL-4#16 Advisory
enum_USE_DPORT_FALSE_enum_DREG_ADREG_0_connects_CED_CEAD_RSTD_GND  
PM_Classifier/inst_SVM/inst_DSP_AxB_Cascade[24].DSP_AxB_Cascade_pm/DSP48E1_inst: DSP48E1 is not using the D port (USE_DPORT = FALSE). For improved power characteristics, set DREG and ADREG to '1', tie CED, CEAD, and RSTD to logic '0'.
Related violations: <none>

AVAL-4#17 Advisory
enum_USE_DPORT_FALSE_enum_DREG_ADREG_0_connects_CED_CEAD_RSTD_GND  
PM_Classifier/inst_SVM/inst_DSP_AxB_Cascade[25].DSP_AxB_Cascade_pm/DSP48E1_inst: DSP48E1 is not using the D port (USE_DPORT = FALSE). For improved power characteristics, set DREG and ADREG to '1', tie CED, CEAD, and RSTD to logic '0'.
Related violations: <none>

AVAL-4#18 Advisory
enum_USE_DPORT_FALSE_enum_DREG_ADREG_0_connects_CED_CEAD_RSTD_GND  
PM_Classifier/inst_SVM/inst_DSP_AxB_Cascade[26].DSP_AxB_Cascade_pm/DSP48E1_inst: DSP48E1 is not using the D port (USE_DPORT = FALSE). For improved power characteristics, set DREG and ADREG to '1', tie CED, CEAD, and RSTD to logic '0'.
Related violations: <none>

AVAL-4#19 Advisory
enum_USE_DPORT_FALSE_enum_DREG_ADREG_0_connects_CED_CEAD_RSTD_GND  
PM_Classifier/inst_SVM/inst_DSP_AxB_Cascade[27].DSP_AxB_Cascade_pm/DSP48E1_inst: DSP48E1 is not using the D port (USE_DPORT = FALSE). For improved power characteristics, set DREG and ADREG to '1', tie CED, CEAD, and RSTD to logic '0'.
Related violations: <none>

AVAL-4#20 Advisory
enum_USE_DPORT_FALSE_enum_DREG_ADREG_0_connects_CED_CEAD_RSTD_GND  
PM_Classifier/inst_SVM/inst_DSP_AxB_Cascade[28].DSP_AxB_Cascade_pm/DSP48E1_inst: DSP48E1 is not using the D port (USE_DPORT = FALSE). For improved power characteristics, set DREG and ADREG to '1', tie CED, CEAD, and RSTD to logic '0'.
Related violations: <none>

AVAL-4#21 Advisory
enum_USE_DPORT_FALSE_enum_DREG_ADREG_0_connects_CED_CEAD_RSTD_GND  
PM_Classifier/inst_SVM/inst_DSP_AxB_Cascade[29].DSP_AxB_Cascade_pm/DSP48E1_inst: DSP48E1 is not using the D port (USE_DPORT = FALSE). For improved power characteristics, set DREG and ADREG to '1', tie CED, CEAD, and RSTD to logic '0'.
Related violations: <none>

AVAL-4#22 Advisory
enum_USE_DPORT_FALSE_enum_DREG_ADREG_0_connects_CED_CEAD_RSTD_GND  
PM_Classifier/inst_SVM/inst_DSP_AxB_Cascade[2].DSP_AxB_Cascade_pm/DSP48E1_inst: DSP48E1 is not using the D port (USE_DPORT = FALSE). For improved power characteristics, set DREG and ADREG to '1', tie CED, CEAD, and RSTD to logic '0'.
Related violations: <none>

AVAL-4#23 Advisory
enum_USE_DPORT_FALSE_enum_DREG_ADREG_0_connects_CED_CEAD_RSTD_GND  
PM_Classifier/inst_SVM/inst_DSP_AxB_Cascade[30].DSP_AxB_Cascade_pm/DSP48E1_inst: DSP48E1 is not using the D port (USE_DPORT = FALSE). For improved power characteristics, set DREG and ADREG to '1', tie CED, CEAD, and RSTD to logic '0'.
Related violations: <none>

AVAL-4#24 Advisory
enum_USE_DPORT_FALSE_enum_DREG_ADREG_0_connects_CED_CEAD_RSTD_GND  
PM_Classifier/inst_SVM/inst_DSP_AxB_Cascade[31].DSP_AxB_Cascade_pm/DSP48E1_inst: DSP48E1 is not using the D port (USE_DPORT = FALSE). For improved power characteristics, set DREG and ADREG to '1', tie CED, CEAD, and RSTD to logic '0'.
Related violations: <none>

AVAL-4#25 Advisory
enum_USE_DPORT_FALSE_enum_DREG_ADREG_0_connects_CED_CEAD_RSTD_GND  
PM_Classifier/inst_SVM/inst_DSP_AxB_Cascade[32].DSP_AxB_Cascade_pm/DSP48E1_inst: DSP48E1 is not using the D port (USE_DPORT = FALSE). For improved power characteristics, set DREG and ADREG to '1', tie CED, CEAD, and RSTD to logic '0'.
Related violations: <none>

AVAL-4#26 Advisory
enum_USE_DPORT_FALSE_enum_DREG_ADREG_0_connects_CED_CEAD_RSTD_GND  
PM_Classifier/inst_SVM/inst_DSP_AxB_Cascade[3].DSP_AxB_Cascade_pm/DSP48E1_inst: DSP48E1 is not using the D port (USE_DPORT = FALSE). For improved power characteristics, set DREG and ADREG to '1', tie CED, CEAD, and RSTD to logic '0'.
Related violations: <none>

AVAL-4#27 Advisory
enum_USE_DPORT_FALSE_enum_DREG_ADREG_0_connects_CED_CEAD_RSTD_GND  
PM_Classifier/inst_SVM/inst_DSP_AxB_Cascade[4].DSP_AxB_Cascade_pm/DSP48E1_inst: DSP48E1 is not using the D port (USE_DPORT = FALSE). For improved power characteristics, set DREG and ADREG to '1', tie CED, CEAD, and RSTD to logic '0'.
Related violations: <none>

AVAL-4#28 Advisory
enum_USE_DPORT_FALSE_enum_DREG_ADREG_0_connects_CED_CEAD_RSTD_GND  
PM_Classifier/inst_SVM/inst_DSP_AxB_Cascade[5].DSP_AxB_Cascade_pm/DSP48E1_inst: DSP48E1 is not using the D port (USE_DPORT = FALSE). For improved power characteristics, set DREG and ADREG to '1', tie CED, CEAD, and RSTD to logic '0'.
Related violations: <none>

AVAL-4#29 Advisory
enum_USE_DPORT_FALSE_enum_DREG_ADREG_0_connects_CED_CEAD_RSTD_GND  
PM_Classifier/inst_SVM/inst_DSP_AxB_Cascade[6].DSP_AxB_Cascade_pm/DSP48E1_inst: DSP48E1 is not using the D port (USE_DPORT = FALSE). For improved power characteristics, set DREG and ADREG to '1', tie CED, CEAD, and RSTD to logic '0'.
Related violations: <none>

AVAL-4#30 Advisory
enum_USE_DPORT_FALSE_enum_DREG_ADREG_0_connects_CED_CEAD_RSTD_GND  
PM_Classifier/inst_SVM/inst_DSP_AxB_Cascade[7].DSP_AxB_Cascade_pm/DSP48E1_inst: DSP48E1 is not using the D port (USE_DPORT = FALSE). For improved power characteristics, set DREG and ADREG to '1', tie CED, CEAD, and RSTD to logic '0'.
Related violations: <none>

AVAL-4#31 Advisory
enum_USE_DPORT_FALSE_enum_DREG_ADREG_0_connects_CED_CEAD_RSTD_GND  
PM_Classifier/inst_SVM/inst_DSP_AxB_Cascade[8].DSP_AxB_Cascade_pm/DSP48E1_inst: DSP48E1 is not using the D port (USE_DPORT = FALSE). For improved power characteristics, set DREG and ADREG to '1', tie CED, CEAD, and RSTD to logic '0'.
Related violations: <none>

AVAL-4#32 Advisory
enum_USE_DPORT_FALSE_enum_DREG_ADREG_0_connects_CED_CEAD_RSTD_GND  
PM_Classifier/inst_SVM/inst_DSP_AxB_Cascade[9].DSP_AxB_Cascade_pm/DSP48E1_inst: DSP48E1 is not using the D port (USE_DPORT = FALSE). For improved power characteristics, set DREG and ADREG to '1', tie CED, CEAD, and RSTD to logic '0'.
Related violations: <none>

AVAL-4#33 Advisory
enum_USE_DPORT_FALSE_enum_DREG_ADREG_0_connects_CED_CEAD_RSTD_GND  
PM_Classifier/inst_SVM/inst_DSP_AxB_Cascade_34/DSP48E1_inst: DSP48E1 is not using the D port (USE_DPORT = FALSE). For improved power characteristics, set DREG and ADREG to '1', tie CED, CEAD, and RSTD to logic '0'.
Related violations: <none>

AVAL-4#34 Advisory
enum_USE_DPORT_FALSE_enum_DREG_ADREG_0_connects_CED_CEAD_RSTD_GND  
PM_Classifier/inst_SVM/inst_DSP_AxB_pluc_C/DSP48E1_inst: DSP48E1 is not using the D port (USE_DPORT = FALSE). For improved power characteristics, set DREG and ADREG to '1', tie CED, CEAD, and RSTD to logic '0'.
Related violations: <none>

AVAL-4#35 Advisory
enum_USE_DPORT_FALSE_enum_DREG_ADREG_0_connects_CED_CEAD_RSTD_GND  
PM_Classifier/inst_SVM/inst_DSP_AxB_wo_PCIN/DSP48E1_inst: DSP48E1 is not using the D port (USE_DPORT = FALSE). For improved power characteristics, set DREG and ADREG to '1', tie CED, CEAD, and RSTD to logic '0'.
Related violations: <none>


